2025-04-10 15:18:15.240329 - Received SBGOLOB.CBT509.FILE135 from FILE135.XMI 
2025-04-10 15:18:15.243851 - Found $CRYPT.bin (application/octet-stream) in SBGOLOB.CBT509.FILE135, moved to PDS/$CRYPT
2025-04-10 15:18:15.243936 - Found alias $DECRYPT to $CRYPT in SBGOLOB.CBT509.FILE135, moved to PDS/$DECRYPT
2025-04-10 15:18:15.243974 - Found alias $ENCRYPT to $CRYPT in SBGOLOB.CBT509.FILE135, moved to PDS/$ENCRYPT
2025-04-10 15:18:15.244222 - Found $FREEALL.bin (application/octet-stream) in SBGOLOB.CBT509.FILE135, moved to PDS/$FREEALL
2025-04-10 15:18:15.244459 - Found $HBLIST.bin (application/octet-stream) in SBGOLOB.CBT509.FILE135, moved to PDS/$HBLIST
2025-04-10 15:18:15.244682 - Found $HMLIST.bin (application/octet-stream) in SBGOLOB.CBT509.FILE135, moved to PDS/$HMLIST
2025-04-10 15:18:15.244919 - Found $HMLISTW.bin (application/octet-stream) in SBGOLOB.CBT509.FILE135, moved to PDS/$HMLISTW
2025-04-10 15:18:15.244987 - Found alias $LCSPF to SKJ$LC00 in SBGOLOB.CBT509.FILE135, moved to PDS/$LCSPF
2025-04-10 15:18:15.245037 - Found alias $LCSPFO to SKJ$LCOO in SBGOLOB.CBT509.FILE135, moved to PDS/$LCSPFO
2025-04-10 15:18:15.245082 - Found alias $LISTC to SKJ$LC00 in SBGOLOB.CBT509.FILE135, moved to PDS/$LISTC
2025-04-10 15:18:15.245126 - Found alias $LISTCO to SKJ$LCOO in SBGOLOB.CBT509.FILE135, moved to PDS/$LISTCO
2025-04-10 15:18:15.245157 - Found alias $LISTM to $LISTX in SBGOLOB.CBT509.FILE135, moved to PDS/$LISTM
2025-04-10 15:18:15.245367 - Found $LISTX.bin (application/octet-stream) in SBGOLOB.CBT509.FILE135, moved to PDS/$LISTX
2025-04-10 15:18:15.245422 - Found alias $SPACE to SKJ$LC00 in SBGOLOB.CBT509.FILE135, moved to PDS/$SPACE
2025-04-10 15:18:15.245467 - Found alias $SPACEO to SKJ$LCOO in SBGOLOB.CBT509.FILE135, moved to PDS/$SPACEO
2025-04-10 15:18:15.245725 - Found ANIM1.bin (application/octet-stream) in SBGOLOB.CBT509.FILE135, moved to PDS/ANIM1
2025-04-10 15:18:15.245883 - Found ANIM2.bin (application/octet-stream) in SBGOLOB.CBT509.FILE135, moved to PDS/ANIM2
2025-04-10 15:18:15.245980 - Found ANIM3.bin (application/octet-stream) in SBGOLOB.CBT509.FILE135, moved to PDS/ANIM3
2025-04-10 15:18:15.246178 - Found ANIM4.bin (application/octet-stream) in SBGOLOB.CBT509.FILE135, moved to PDS/ANIM4
2025-04-10 15:18:15.246285 - Found ANIM5.bin (application/octet-stream) in SBGOLOB.CBT509.FILE135, moved to PDS/ANIM5
2025-04-10 15:18:15.246471 - Found BR.bin (application/octet-stream) in SBGOLOB.CBT509.FILE135, moved to PDS/BR
2025-04-10 15:18:15.246649 - Found CDSCB.bin (application/octet-stream) in SBGOLOB.CBT509.FILE135, moved to PDS/CDSCB
2025-04-10 15:18:15.246920 - Found COMPARE.bin (application/octet-stream) in SBGOLOB.CBT509.FILE135, moved to PDS/COMPARE
2025-04-10 15:18:15.247087 - Found COMPAREB.bin (application/octet-stream) in SBGOLOB.CBT509.FILE135, moved to PDS/COMPAREB
2025-04-10 15:18:15.247161 - Found CONCAT.bin (application/octet-stream) in SBGOLOB.CBT509.FILE135, moved to PDS/CONCAT
2025-04-10 15:18:15.247235 - Found CUBE.bin (application/octet-stream) in SBGOLOB.CBT509.FILE135, moved to PDS/CUBE
2025-04-10 15:18:15.247310 - Found DCPU.bin (application/octet-stream) in SBGOLOB.CBT509.FILE135, moved to PDS/DCPU
2025-04-10 15:18:15.247384 - Found DDASD.bin (application/octet-stream) in SBGOLOB.CBT509.FILE135, moved to PDS/DDASD
2025-04-10 15:18:15.248027 - Found DELINKI.bin (application/octet-stream) in SBGOLOB.CBT509.FILE135, moved to PDS/DELINKI
2025-04-10 15:18:15.248197 - Found DIVER.bin (application/octet-stream) in SBGOLOB.CBT509.FILE135, moved to PDS/DIVER
2025-04-10 15:18:15.248270 - Found alias DUP to DUPTIME in SBGOLOB.CBT509.FILE135, moved to PDS/DUP
2025-04-10 15:18:15.248475 - Found DUPTIME.bin (application/octet-stream) in SBGOLOB.CBT509.FILE135, moved to PDS/DUPTIME
2025-04-10 15:18:15.248589 - Found DWNSPDSR.bin (application/octet-stream) in SBGOLOB.CBT509.FILE135, moved to PDS/DWNSPDSR
2025-04-10 15:18:15.248680 - Found FASTPATH.bin (application/octet-stream) in SBGOLOB.CBT509.FILE135, moved to PDS/FASTPATH
2025-04-10 15:18:15.248748 - Found FLAG.bin (application/octet-stream) in SBGOLOB.CBT509.FILE135, moved to PDS/FLAG
2025-04-10 15:18:15.248808 - Found alias FSH to REVIEW in SBGOLOB.CBT509.FILE135, moved to PDS/FSH
2025-04-10 15:18:15.248865 - Found alias FSHELP to REVIEW in SBGOLOB.CBT509.FILE135, moved to PDS/FSHELP
2025-04-10 15:18:15.249044 - Found GE2.bin (application/octet-stream) in SBGOLOB.CBT509.FILE135, moved to PDS/GE2
2025-04-10 15:18:15.249105 - Found GRPSTR.bin (application/octet-stream) in SBGOLOB.CBT509.FILE135, moved to PDS/GRPSTR
2025-04-10 15:18:15.249162 - Found alias HALFSNAK to SNAKE in SBGOLOB.CBT509.FILE135, moved to PDS/HALFSNAK
2025-04-10 15:18:15.249209 - Found alias HALFTEST to WORM in SBGOLOB.CBT509.FILE135, moved to PDS/HALFTEST
2025-04-10 15:18:15.249254 - Found alias HALFWORM to WORM in SBGOLOB.CBT509.FILE135, moved to PDS/HALFWORM
2025-04-10 15:18:15.249294 - Found alias HEL to REVIEW in SBGOLOB.CBT509.FILE135, moved to PDS/HEL
2025-04-10 15:18:15.249337 - Found alias HS to SNAKE in SBGOLOB.CBT509.FILE135, moved to PDS/HS
2025-04-10 15:18:15.249382 - Found alias HW to WORM in SBGOLOB.CBT509.FILE135, moved to PDS/HW
2025-04-10 15:18:15.249443 - Found IEFU83.bin (application/octet-stream) in SBGOLOB.CBT509.FILE135, moved to PDS/IEFU83
2025-04-10 15:18:15.249505 - Found IKJEFF10.bin (application/octet-stream) in SBGOLOB.CBT509.FILE135, moved to PDS/IKJEFF10
2025-04-10 15:18:15.249566 - Found IKJEFF53.bin (application/octet-stream) in SBGOLOB.CBT509.FILE135, moved to PDS/IKJEFF53
2025-04-10 15:18:15.249626 - Found IKJT9FI.bin (application/octet-stream) in SBGOLOB.CBT509.FILE135, moved to PDS/IKJT9FI
2025-04-10 15:18:15.249684 - Found IKJT9LB.bin (application/octet-stream) in SBGOLOB.CBT509.FILE135, moved to PDS/IKJT9LB
2025-04-10 15:18:15.250211 - Found IM.bin (application/octet-stream) in SBGOLOB.CBT509.FILE135, moved to PDS/IM
2025-04-10 15:18:15.250382 - Found IMAGE1.bin (application/octet-stream) in SBGOLOB.CBT509.FILE135, moved to PDS/IMAGE1
2025-04-10 15:18:15.250537 - Found IMAGE2.bin (application/octet-stream) in SBGOLOB.CBT509.FILE135, moved to PDS/IMAGE2
2025-04-10 15:18:15.250791 - Found IMDATGAT.bin (application/octet-stream) in SBGOLOB.CBT509.FILE135, moved to PDS/IMDATGAT
2025-04-10 15:18:15.251275 - Found IMPXAGLS.bin (application/octet-stream) in SBGOLOB.CBT509.FILE135, moved to PDS/IMPXAGLS
2025-04-10 15:18:15.251444 - Found IMPXASPY.bin (application/octet-stream) in SBGOLOB.CBT509.FILE135, moved to PDS/IMPXASPY
2025-04-10 15:18:15.251551 - Found IMSPACER.bin (application/octet-stream) in SBGOLOB.CBT509.FILE135, moved to PDS/IMSPACER
2025-04-10 15:18:15.252407 - Found ISFINIT.bin (application/octet-stream) in SBGOLOB.CBT509.FILE135, moved to PDS/ISFINIT
2025-04-10 15:18:15.252457 - Found alias LC to LCAT in SBGOLOB.CBT509.FILE135, moved to PDS/LC
2025-04-10 15:18:15.252522 - Found LCAT.bin (application/octet-stream) in SBGOLOB.CBT509.FILE135, moved to PDS/LCAT
2025-04-10 15:18:15.252802 - Found LIFE.bin (application/octet-stream) in SBGOLOB.CBT509.FILE135, moved to PDS/LIFE
2025-04-10 15:18:15.252900 - Found LISTICAT.bin (application/octet-stream) in SBGOLOB.CBT509.FILE135, moved to PDS/LISTICAT
2025-04-10 15:18:15.253087 - Found LISTPDS.bin (application/octet-stream) in SBGOLOB.CBT509.FILE135, moved to PDS/LISTPDS
2025-04-10 15:18:15.253133 - Found alias LISTV to LISTVOL in SBGOLOB.CBT509.FILE135, moved to PDS/LISTV
2025-04-10 15:18:15.253230 - Found LISTVOL.bin (application/octet-stream) in SBGOLOB.CBT509.FILE135, moved to PDS/LISTVOL
2025-04-10 15:18:15.253606 - Found LOGO.bin (application/octet-stream) in SBGOLOB.CBT509.FILE135, moved to PDS/LOGO
2025-04-10 15:18:15.254007 - Found MINIUNZ.bin (application/octet-stream) in SBGOLOB.CBT509.FILE135, moved to PDS/MINIUNZ
2025-04-10 15:18:15.254677 - Found MINIZIP.bin (application/octet-stream) in SBGOLOB.CBT509.FILE135, moved to PDS/MINIZIP
2025-04-10 15:18:15.255119 - Found MONO.bin (application/octet-stream) in SBGOLOB.CBT509.FILE135, moved to PDS/MONO
2025-04-10 15:18:15.255283 - Found MSGASIDX.bin (application/octet-stream) in SBGOLOB.CBT509.FILE135, moved to PDS/MSGASIDX
2025-04-10 15:18:15.255425 - Found MSGFLUSH.bin (application/octet-stream) in SBGOLOB.CBT509.FILE135, moved to PDS/MSGFLUSH
2025-04-10 15:18:15.255607 - Found MSGJOBLG.bin (application/octet-stream) in SBGOLOB.CBT509.FILE135, moved to PDS/MSGJOBLG
2025-04-10 15:18:15.255758 - Found MSGNOJLG.bin (application/octet-stream) in SBGOLOB.CBT509.FILE135, moved to PDS/MSGNOJLG
2025-04-10 15:18:15.255827 - Found MSGNOLOG.bin (application/octet-stream) in SBGOLOB.CBT509.FILE135, moved to PDS/MSGNOLOG
2025-04-10 15:18:15.255887 - Found MSG2USER.bin (application/octet-stream) in SBGOLOB.CBT509.FILE135, moved to PDS/MSG2USER
2025-04-10 15:18:15.256007 - Found NITEFLT.bin (application/octet-stream) in SBGOLOB.CBT509.FILE135, moved to PDS/NITEFLT
2025-04-10 15:18:15.256553 - Found OFFLMOD.bin (application/octet-stream) in SBGOLOB.CBT509.FILE135, moved to PDS/OFFLMOD
2025-04-10 15:18:15.256705 - Found OFFLOAD.bin (application/octet-stream) in SBGOLOB.CBT509.FILE135, moved to PDS/OFFLOAD
2025-04-10 15:18:15.256810 - Found OFFLOADO.bin (application/octet-stream) in SBGOLOB.CBT509.FILE135, moved to PDS/OFFLOADO
2025-04-10 15:18:15.256860 - Found alias OFFLOADW to OFFLOAD in SBGOLOB.CBT509.FILE135, moved to PDS/OFFLOADW
2025-04-10 15:18:15.257062 - Found OFFLOAD1.bin (application/octet-stream) in SBGOLOB.CBT509.FILE135, moved to PDS/OFFLOAD1
2025-04-10 15:18:15.257108 - Found alias PDS to PDS86 in SBGOLOB.CBT509.FILE135, moved to PDS/PDS
2025-04-10 15:18:15.257269 - Found PDSLOAD.bin (application/octet-stream) in SBGOLOB.CBT509.FILE135, moved to PDS/PDSLOAD
2025-04-10 15:18:15.257377 - Found PDSLOADO.bin (application/octet-stream) in SBGOLOB.CBT509.FILE135, moved to PDS/PDSLOADO
2025-04-10 15:18:15.257539 - Found PDSLOADW.bin (application/octet-stream) in SBGOLOB.CBT509.FILE135, moved to PDS/PDSLOADW
2025-04-10 15:18:15.257688 - Found PDSLOAD1.bin (application/octet-stream) in SBGOLOB.CBT509.FILE135, moved to PDS/PDSLOAD1
2025-04-10 15:18:15.257810 - Found PDSLOAD2.bin (application/octet-stream) in SBGOLOB.CBT509.FILE135, moved to PDS/PDSLOAD2
2025-04-10 15:18:15.257962 - Found PDSLOAD3.bin (application/octet-stream) in SBGOLOB.CBT509.FILE135, moved to PDS/PDSLOAD3
2025-04-10 15:18:15.258021 - Found PDSLOAD4.bin (application/octet-stream) in SBGOLOB.CBT509.FILE135, moved to PDS/PDSLOAD4
2025-04-10 15:18:15.258069 - Found alias PDS38 to PDS8638 in SBGOLOB.CBT509.FILE135, moved to PDS/PDS38
2025-04-10 15:18:15.258935 - Found PDS86.bin (application/octet-stream) in SBGOLOB.CBT509.FILE135, moved to PDS/PDS86
2025-04-10 15:18:15.259793 - Found PDS8638.bin (application/octet-stream) in SBGOLOB.CBT509.FILE135, moved to PDS/PDS8638
2025-04-10 15:18:15.260443 - Found PROGRAM.bin (application/octet-stream) in SBGOLOB.CBT509.FILE135, moved to PDS/PROGRAM
2025-04-10 15:18:15.260501 - Found PS.bin (application/octet-stream) in SBGOLOB.CBT509.FILE135, moved to PDS/PS
2025-04-10 15:18:15.260560 - Found PS2.bin (application/octet-stream) in SBGOLOB.CBT509.FILE135, moved to PDS/PS2
2025-04-10 15:18:15.260617 - Found PS3.bin (application/octet-stream) in SBGOLOB.CBT509.FILE135, moved to PDS/PS3
2025-04-10 15:18:15.260673 - Found PS4.bin (application/octet-stream) in SBGOLOB.CBT509.FILE135, moved to PDS/PS4
2025-04-10 15:18:15.260730 - Found PS5.bin (application/octet-stream) in SBGOLOB.CBT509.FILE135, moved to PDS/PS5
2025-04-10 15:18:15.260787 - Found PS6.bin (application/octet-stream) in SBGOLOB.CBT509.FILE135, moved to PDS/PS6
2025-04-10 15:18:15.260846 - Found PS7.bin (application/octet-stream) in SBGOLOB.CBT509.FILE135, moved to PDS/PS7
2025-04-10 15:18:15.260908 - Found alias QS to SNAKE in SBGOLOB.CBT509.FILE135, moved to PDS/QS
2025-04-10 15:18:15.260956 - Found alias QUARTERS to SNAKE in SBGOLOB.CBT509.FILE135, moved to PDS/QUARTERS
2025-04-10 15:18:15.261002 - Found alias QUARTERW to WORM in SBGOLOB.CBT509.FILE135, moved to PDS/QUARTERW
2025-04-10 15:18:15.261046 - Found alias QUARTEST to WORM in SBGOLOB.CBT509.FILE135, moved to PDS/QUARTEST
2025-04-10 15:18:15.261091 - Found alias QW to WORM in SBGOLOB.CBT509.FILE135, moved to PDS/QW
2025-04-10 15:18:15.261131 - Found alias REV to REVIEW in SBGOLOB.CBT509.FILE135, moved to PDS/REV
2025-04-10 15:18:15.261293 - Found REVCAT.bin (application/octet-stream) in SBGOLOB.CBT509.FILE135, moved to PDS/REVCAT
2025-04-10 15:18:15.261360 - Found REVCRW.bin (application/octet-stream) in SBGOLOB.CBT509.FILE135, moved to PDS/REVCRW
2025-04-10 15:18:15.261411 - Found alias REVED to REVIEW in SBGOLOB.CBT509.FILE135, moved to PDS/REVED
2025-04-10 15:18:15.262318 - Found REVIEW.bin (application/octet-stream) in SBGOLOB.CBT509.FILE135, moved to PDS/REVIEW
2025-04-10 15:18:15.262543 - Found REVIEWO.bin (application/octet-stream) in SBGOLOB.CBT509.FILE135, moved to PDS/REVIEWO
2025-04-10 15:18:15.263235 - Found REVIEWT.bin (application/octet-stream) in SBGOLOB.CBT509.FILE135, moved to PDS/REVIEWT
2025-04-10 15:18:15.263284 - Found alias REVLEV to REVIEW in SBGOLOB.CBT509.FILE135, moved to PDS/REVLEV
2025-04-10 15:18:15.263341 - Found REVLMOD.bin (application/octet-stream) in SBGOLOB.CBT509.FILE135, moved to PDS/REVLMOD
2025-04-10 15:18:15.263400 - Found REVLPDS.bin (application/octet-stream) in SBGOLOB.CBT509.FILE135, moved to PDS/REVLPDS
2025-04-10 15:18:15.264303 - Found REVMAP.bin (application/octet-stream) in SBGOLOB.CBT509.FILE135, moved to PDS/REVMAP
2025-04-10 15:18:15.264355 - Found alias REVO to REVIEWO in SBGOLOB.CBT509.FILE135, moved to PDS/REVO
2025-04-10 15:18:15.264397 - Found alias REVOUT to REVIEW in SBGOLOB.CBT509.FILE135, moved to PDS/REVOUT
2025-04-10 15:18:15.264667 - Found REVSMF.bin (application/octet-stream) in SBGOLOB.CBT509.FILE135, moved to PDS/REVSMF
2025-04-10 15:18:15.266085 - Found REVSMFZ.bin (application/octet-stream) in SBGOLOB.CBT509.FILE135, moved to PDS/REVSMFZ
2025-04-10 15:18:15.266771 - Found REVSMF7.bin (application/octet-stream) in SBGOLOB.CBT509.FILE135, moved to PDS/REVSMF7
2025-04-10 15:18:15.266836 - Found REVTOCRD.bin (application/octet-stream) in SBGOLOB.CBT509.FILE135, moved to PDS/REVTOCRD
2025-04-10 15:18:15.266887 - Found alias REVVSAM to REVIEW in SBGOLOB.CBT509.FILE135, moved to PDS/REVVSAM
2025-04-10 15:18:15.267417 - Found REV38.bin (application/octet-stream) in SBGOLOB.CBT509.FILE135, moved to PDS/REV38
2025-04-10 15:18:15.268163 - Found REV38N.bin (application/octet-stream) in SBGOLOB.CBT509.FILE135, moved to PDS/REV38N
2025-04-10 15:18:15.268212 - Found alias RFE to REVIEW in SBGOLOB.CBT509.FILE135, moved to PDS/RFE
2025-04-10 15:18:15.268574 - Found SABREBAT.bin (application/octet-stream) in SBGOLOB.CBT509.FILE135, moved to PDS/SABREBAT
2025-04-10 15:18:15.268638 - Found SCANX.bin (application/octet-stream) in SBGOLOB.CBT509.FILE135, moved to PDS/SCANX
2025-04-10 15:18:15.268688 - Found alias SDS to SHOWDS in SBGOLOB.CBT509.FILE135, moved to PDS/SDS
2025-04-10 15:18:15.268843 - Found SHOWDS.bin (application/octet-stream) in SBGOLOB.CBT509.FILE135, moved to PDS/SHOWDS
2025-04-10 15:18:15.269229 - Found SHOWMVS.bin (application/octet-stream) in SBGOLOB.CBT509.FILE135, moved to PDS/SHOWMVS
2025-04-10 15:18:15.269273 - Found alias SHOWZOS to ISFINIT in SBGOLOB.CBT509.FILE135, moved to PDS/SHOWZOS
2025-04-10 15:18:15.269316 - Found alias SHOW710 to SHOWMVS in SBGOLOB.CBT509.FILE135, moved to PDS/SHOW710
2025-04-10 15:18:15.269919 - Found SHOW716.bin (application/octet-stream) in SBGOLOB.CBT509.FILE135, moved to PDS/SHOW716
2025-04-10 15:18:15.270793 - Found SHOW720.bin (application/octet-stream) in SBGOLOB.CBT509.FILE135, moved to PDS/SHOW720
2025-04-10 15:18:15.271572 - Found SHOW721.bin (application/octet-stream) in SBGOLOB.CBT509.FILE135, moved to PDS/SHOW721
2025-04-10 15:18:15.272329 - Found SHOW725.bin (application/octet-stream) in SBGOLOB.CBT509.FILE135, moved to PDS/SHOW725
2025-04-10 15:18:15.273269 - Found SHOW803.bin (application/octet-stream) in SBGOLOB.CBT509.FILE135, moved to PDS/SHOW803
2025-04-10 15:18:15.273968 - Found SHO9716.bin (application/octet-stream) in SBGOLOB.CBT509.FILE135, moved to PDS/SHO9716
2025-04-10 15:18:15.274322 - Found SHUTTLE.bin (application/octet-stream) in SBGOLOB.CBT509.FILE135, moved to PDS/SHUTTLE
2025-04-10 15:18:15.274484 - Found SKJ$LCOO.bin (application/octet-stream) in SBGOLOB.CBT509.FILE135, moved to PDS/SKJ$LCOO
2025-04-10 15:18:15.274688 - Found SKJ$LC00.bin (application/octet-stream) in SBGOLOB.CBT509.FILE135, moved to PDS/SKJ$LC00
2025-04-10 15:18:15.274842 - Found SMFJBTIM.bin (application/octet-stream) in SBGOLOB.CBT509.FILE135, moved to PDS/SMFJBTIM
2025-04-10 15:18:15.274944 - Found SNAKE.bin (application/octet-stream) in SBGOLOB.CBT509.FILE135, moved to PDS/SNAKE
2025-04-10 15:18:15.275031 - Found SUPERLST.bin (application/octet-stream) in SBGOLOB.CBT509.FILE135, moved to PDS/SUPERLST
2025-04-10 15:18:15.275193 - Found TERMTEST.bin (application/octet-stream) in SBGOLOB.CBT509.FILE135, moved to PDS/TERMTEST
2025-04-10 15:18:15.275253 - Found TESTDCS.bin (application/octet-stream) in SBGOLOB.CBT509.FILE135, moved to PDS/TESTDCS
2025-04-10 15:18:15.275317 - Found TESTDCS2.bin (application/octet-stream) in SBGOLOB.CBT509.FILE135, moved to PDS/TESTDCS2
2025-04-10 15:18:15.275382 - Found TEWM.bin (application/octet-stream) in SBGOLOB.CBT509.FILE135, moved to PDS/TEWM
2025-04-10 15:18:15.275442 - Found TSOPNAME.bin (application/octet-stream) in SBGOLOB.CBT509.FILE135, moved to PDS/TSOPNAME
2025-04-10 15:18:15.275591 - Found UIDSTR.bin (application/octet-stream) in SBGOLOB.CBT509.FILE135, moved to PDS/UIDSTR
2025-04-10 15:18:15.275744 - Found VIEW.bin (application/octet-stream) in SBGOLOB.CBT509.FILE135, moved to PDS/VIEW
2025-04-10 15:18:15.275897 - Found WORM.bin (application/octet-stream) in SBGOLOB.CBT509.FILE135, moved to PDS/WORM
2025-04-10 15:18:15.275960 - Found alias WORMTEST to WORM in SBGOLOB.CBT509.FILE135, moved to PDS/WORMTEST
2025-04-10 15:18:15.276066 - Found ZAP.bin (application/octet-stream) in SBGOLOB.CBT509.FILE135, moved to PDS/ZAP
2025-04-10 15:18:15.276122 - Found alias ZAP$ to ZAP in SBGOLOB.CBT509.FILE135, moved to PDS/ZAP$
